###############################################################################
#
# IAR ELF Linker V7.80.4.12462/W32 for ARM                13/Sep/2018  10:24:11
# Copyright 2007-2017 IAR Systems AB.
#
#    Output file  =  
#        C:\CodeRepository\HomeAutomation\Nucleo-144\EWARM\NucleoHomeAutomation\Exe\NucleoHomeAutomation.out
#    Map file     =  
#        C:\CodeRepository\HomeAutomation\Nucleo-144\EWARM\NucleoHomeAutomation\List\NucleoHomeAutomation.map
#    Command line =  
#        C:\CodeRepository\HomeAutomation\Nucleo-144\EWARM\NucleoHomeAutomation\Obj\GPIO_Wrapper.o
#        C:\CodeRepository\HomeAutomation\Nucleo-144\EWARM\NucleoHomeAutomation\Obj\main.o
#        C:\CodeRepository\HomeAutomation\Nucleo-144\EWARM\NucleoHomeAutomation\Obj\startup_stm32f746xx.o
#        C:\CodeRepository\HomeAutomation\Nucleo-144\EWARM\NucleoHomeAutomation\Obj\stm32f7xx_hal.o
#        C:\CodeRepository\HomeAutomation\Nucleo-144\EWARM\NucleoHomeAutomation\Obj\stm32f7xx_hal_cortex.o
#        C:\CodeRepository\HomeAutomation\Nucleo-144\EWARM\NucleoHomeAutomation\Obj\stm32f7xx_hal_dma.o
#        C:\CodeRepository\HomeAutomation\Nucleo-144\EWARM\NucleoHomeAutomation\Obj\stm32f7xx_hal_dma_ex.o
#        C:\CodeRepository\HomeAutomation\Nucleo-144\EWARM\NucleoHomeAutomation\Obj\stm32f7xx_hal_eth.o
#        C:\CodeRepository\HomeAutomation\Nucleo-144\EWARM\NucleoHomeAutomation\Obj\stm32f7xx_hal_flash.o
#        C:\CodeRepository\HomeAutomation\Nucleo-144\EWARM\NucleoHomeAutomation\Obj\stm32f7xx_hal_flash_ex.o
#        C:\CodeRepository\HomeAutomation\Nucleo-144\EWARM\NucleoHomeAutomation\Obj\stm32f7xx_hal_gpio.o
#        C:\CodeRepository\HomeAutomation\Nucleo-144\EWARM\NucleoHomeAutomation\Obj\stm32f7xx_hal_i2c.o
#        C:\CodeRepository\HomeAutomation\Nucleo-144\EWARM\NucleoHomeAutomation\Obj\stm32f7xx_hal_i2c_ex.o
#        C:\CodeRepository\HomeAutomation\Nucleo-144\EWARM\NucleoHomeAutomation\Obj\stm32f7xx_hal_msp.o
#        C:\CodeRepository\HomeAutomation\Nucleo-144\EWARM\NucleoHomeAutomation\Obj\stm32f7xx_hal_pcd.o
#        C:\CodeRepository\HomeAutomation\Nucleo-144\EWARM\NucleoHomeAutomation\Obj\stm32f7xx_hal_pcd_ex.o
#        C:\CodeRepository\HomeAutomation\Nucleo-144\EWARM\NucleoHomeAutomation\Obj\stm32f7xx_hal_pwr.o
#        C:\CodeRepository\HomeAutomation\Nucleo-144\EWARM\NucleoHomeAutomation\Obj\stm32f7xx_hal_pwr_ex.o
#        C:\CodeRepository\HomeAutomation\Nucleo-144\EWARM\NucleoHomeAutomation\Obj\stm32f7xx_hal_rcc.o
#        C:\CodeRepository\HomeAutomation\Nucleo-144\EWARM\NucleoHomeAutomation\Obj\stm32f7xx_hal_rcc_ex.o
#        C:\CodeRepository\HomeAutomation\Nucleo-144\EWARM\NucleoHomeAutomation\Obj\stm32f7xx_hal_tim.o
#        C:\CodeRepository\HomeAutomation\Nucleo-144\EWARM\NucleoHomeAutomation\Obj\stm32f7xx_hal_tim_ex.o
#        C:\CodeRepository\HomeAutomation\Nucleo-144\EWARM\NucleoHomeAutomation\Obj\stm32f7xx_hal_uart.o
#        C:\CodeRepository\HomeAutomation\Nucleo-144\EWARM\NucleoHomeAutomation\Obj\stm32f7xx_it.o
#        C:\CodeRepository\HomeAutomation\Nucleo-144\EWARM\NucleoHomeAutomation\Obj\stm32f7xx_ll_usb.o
#        C:\CodeRepository\HomeAutomation\Nucleo-144\EWARM\NucleoHomeAutomation\Obj\system_stm32f7xx.o
#        --redirect _Printf=_PrintfFull --redirect _Scanf=_ScanfFull -o
#        C:\CodeRepository\HomeAutomation\Nucleo-144\EWARM\NucleoHomeAutomation\Exe\NucleoHomeAutomation.out
#        --map
#        C:\CodeRepository\HomeAutomation\Nucleo-144\EWARM\NucleoHomeAutomation\List\NucleoHomeAutomation.map
#        --config
#        C:\CodeRepository\HomeAutomation\Nucleo-144\EWARM/stm32f746xx_flash.icf
#        --semihosting --entry __iar_program_start --vfe
#
###############################################################################

*******************************************************************************
*** RUNTIME MODEL ATTRIBUTES
***

CppFlavor        = *
__CPP_Exceptions = Disabled
__CPP_Language   = C++
__SystemLibrary  = DLib


*******************************************************************************
*** PLACEMENT SUMMARY
***

"A0":  place at 0x08000000 { ro section .intvec };
"P1":  place in [from 0x08000000 to 0x080fffff] { ro };
"P2":  place in [from 0x20000000 to 0x2004ffff] { rw, block CSTACK, block HEAP };
initialize by copy { rw };

  Section            Kind        Address    Size  Object
  -------            ----        -------    ----  ------
"A0":                                      0x1c8
  .intvec            ro code  0x08000000   0x1c8  startup_stm32f746xx.o [1]
                            - 0x080001c8   0x1c8

"P1":                                     0x2038
  .text              ro code  0x080001c8   0x470  stm32f7xx_hal_rcc.o [1]
  .text              ro code  0x08000638     0xc  stm32f7xx_hal.o [1]
  .text              ro code  0x08000644    0x40  stm32f7xx_hal.o [1]
  .text              ro code  0x08000684    0xee  I64DivMod.o [5]
  .rodata            const    0x08000772     0x1  unwind_debug.o [6]
  .text              ro code  0x08000774    0xc6  stm32f7xx_hal_cortex.o [1]
  .text              ro code  0x0800083c     0x2  I64DivZer.o [5]
  .text              ro code  0x08000840   0x46c  stm32f7xx_hal_rcc_ex.o [1]
  .text              ro code  0x08000cac   0x408  stm32f7xx_hal_uart.o [1]
  .text              ro code  0x080010b4   0x1b8  stm32f7xx_hal_msp.o [1]
  .text              ro code  0x0800126c   0x1f0  stm32f7xx_hal_gpio.o [1]
  .text              ro code  0x0800145c   0x3c2  stm32f7xx_hal_eth.o [1]
  .text              ro code  0x08001820    0x28  stm32f7xx_hal.o [1]
  .text              ro code  0x08001848   0x278  stm32f7xx_ll_usb.o [1]
  .text              ro code  0x08001ac0   0x270  main.o [1]
  .text              ro code  0x08001d30    0x16  stm32f7xx_hal.o [1]
  .text              ro code  0x08001d48    0xbc  stm32f7xx_hal_pcd.o [1]
  .text              ro code  0x08001e04    0x2c  stm32f7xx_hal_pcd_ex.o [1]
  .text              ro code  0x08001e30    0x56  ABImemcpy_unaligned.o [5]
  .text              ro code  0x08001e88    0x60  system_stm32f7xx.o [1]
  .text              ro code  0x08001ee8    0x40  zero_init3.o [5]
  .text              ro code  0x08001f28    0x2c  copy_init3.o [5]
  .text              ro code  0x08001f54    0x28  data_init.o [5]
  .text              ro code  0x08001f7c    0x22  fpinit_M.o [4]
  .iar.init_table    const    0x08001fa0    0x24  - Linker created -
  .text              ro code  0x08001fc4    0x1a  cmain.o [5]
  .text              ro code  0x08001fde     0x4  low_level_init.o [3]
  .text              ro code  0x08001fe2     0x4  exit.o [3]
  .text              ro code  0x08001fe8     0xa  cexit.o [5]
  .text              ro code  0x08001ff4    0x14  exit.o [6]
  .text              ro code  0x08002008    0x10  startup_stm32f746xx.o [1]
  .text              ro code  0x08002018    0x10  stm32f7xx_hal.o [1]
  Initializer bytes  const    0x08002028    0x10  <for P2-1>
  .text              ro code  0x08002038     0xe  stm32f7xx_it.o [1]
  .text              ro code  0x08002046     0xc  cstartup_M.o [5]
  .rodata            const    0x08002054     0x8  system_stm32f7xx.o [1]
  .text              ro code  0x0800205c     0x4  startup_stm32f746xx.o [1]
  .text              ro code  0x08002060     0x4  startup_stm32f746xx.o [1]
  .text              ro code  0x08002064     0x4  startup_stm32f746xx.o [1]
  .text              ro code  0x08002068     0x4  startup_stm32f746xx.o [1]
  .text              ro code  0x0800206c     0x4  startup_stm32f746xx.o [1]
  .text              ro code  0x08002070     0x4  startup_stm32f746xx.o [1]
  .text              ro code  0x08002074     0x4  startup_stm32f746xx.o [1]
  .text              ro code  0x08002078     0x4  startup_stm32f746xx.o [1]
  .text              ro code  0x0800207c     0x4  startup_stm32f746xx.o [1]
  .text              ro code  0x08002080     0x4  startup_stm32f746xx.o [1]
  .text              ro code  0x08002084     0x4  startup_stm32f746xx.o [1]
  .text              ro code  0x08002088     0x4  startup_stm32f746xx.o [1]
  .text              ro code  0x0800208c     0x4  startup_stm32f746xx.o [1]
  .text              ro code  0x08002090     0x4  startup_stm32f746xx.o [1]
  .text              ro code  0x08002094     0x4  startup_stm32f746xx.o [1]
  .text              ro code  0x08002098     0x4  startup_stm32f746xx.o [1]
  .text              ro code  0x0800209c     0x4  startup_stm32f746xx.o [1]
  .text              ro code  0x080020a0     0x4  startup_stm32f746xx.o [1]
  .text              ro code  0x080020a4     0x4  startup_stm32f746xx.o [1]
  .text              ro code  0x080020a8     0x4  startup_stm32f746xx.o [1]
  .text              ro code  0x080020ac     0x4  startup_stm32f746xx.o [1]
  .text              ro code  0x080020b0     0x4  startup_stm32f746xx.o [1]
  .text              ro code  0x080020b4     0x4  startup_stm32f746xx.o [1]
  .text              ro code  0x080020b8     0x4  startup_stm32f746xx.o [1]
  .text              ro code  0x080020bc     0x4  startup_stm32f746xx.o [1]
  .text              ro code  0x080020c0     0x4  startup_stm32f746xx.o [1]
  .text              ro code  0x080020c4     0x4  startup_stm32f746xx.o [1]
  .text              ro code  0x080020c8     0x4  startup_stm32f746xx.o [1]
  .text              ro code  0x080020cc     0x4  startup_stm32f746xx.o [1]
  .text              ro code  0x080020d0     0x4  startup_stm32f746xx.o [1]
  .text              ro code  0x080020d4     0x4  startup_stm32f746xx.o [1]
  .text              ro code  0x080020d8     0x4  startup_stm32f746xx.o [1]
  .text              ro code  0x080020dc     0x4  startup_stm32f746xx.o [1]
  .text              ro code  0x080020e0     0x4  startup_stm32f746xx.o [1]
  .text              ro code  0x080020e4     0x4  startup_stm32f746xx.o [1]
  .text              ro code  0x080020e8     0x4  startup_stm32f746xx.o [1]
  .text              ro code  0x080020ec     0x4  startup_stm32f746xx.o [1]
  .text              ro code  0x080020f0     0x4  startup_stm32f746xx.o [1]
  .text              ro code  0x080020f4     0x4  startup_stm32f746xx.o [1]
  .text              ro code  0x080020f8     0x4  startup_stm32f746xx.o [1]
  .text              ro code  0x080020fc     0x4  startup_stm32f746xx.o [1]
  .text              ro code  0x08002100     0x4  startup_stm32f746xx.o [1]
  .text              ro code  0x08002104     0x4  startup_stm32f746xx.o [1]
  .text              ro code  0x08002108     0x4  startup_stm32f746xx.o [1]
  .text              ro code  0x0800210c     0x4  startup_stm32f746xx.o [1]
  .text              ro code  0x08002110     0x4  startup_stm32f746xx.o [1]
  .text              ro code  0x08002114     0x4  startup_stm32f746xx.o [1]
  .text              ro code  0x08002118     0x4  startup_stm32f746xx.o [1]
  .text              ro code  0x0800211c     0x4  startup_stm32f746xx.o [1]
  .text              ro code  0x08002120     0x4  startup_stm32f746xx.o [1]
  .text              ro code  0x08002124     0x4  startup_stm32f746xx.o [1]
  .text              ro code  0x08002128     0x4  startup_stm32f746xx.o [1]
  .text              ro code  0x0800212c     0x4  startup_stm32f746xx.o [1]
  .text              ro code  0x08002130     0x4  startup_stm32f746xx.o [1]
  .text              ro code  0x08002134     0x4  startup_stm32f746xx.o [1]
  .text              ro code  0x08002138     0x4  startup_stm32f746xx.o [1]
  .text              ro code  0x0800213c     0x4  startup_stm32f746xx.o [1]
  .text              ro code  0x08002140     0x4  startup_stm32f746xx.o [1]
  .text              ro code  0x08002144     0x4  startup_stm32f746xx.o [1]
  .text              ro code  0x08002148     0x4  startup_stm32f746xx.o [1]
  .text              ro code  0x0800214c     0x4  startup_stm32f746xx.o [1]
  .text              ro code  0x08002150     0x4  startup_stm32f746xx.o [1]
  .text              ro code  0x08002154     0x4  startup_stm32f746xx.o [1]
  .text              ro code  0x08002158     0x4  startup_stm32f746xx.o [1]
  .text              ro code  0x0800215c     0x4  startup_stm32f746xx.o [1]
  .text              ro code  0x08002160     0x4  startup_stm32f746xx.o [1]
  .text              ro code  0x08002164     0x4  startup_stm32f746xx.o [1]
  .text              ro code  0x08002168     0x4  startup_stm32f746xx.o [1]
  .text              ro code  0x0800216c     0x4  startup_stm32f746xx.o [1]
  .text              ro code  0x08002170     0x4  startup_stm32f746xx.o [1]
  .text              ro code  0x08002174     0x4  startup_stm32f746xx.o [1]
  .text              ro code  0x08002178     0x4  startup_stm32f746xx.o [1]
  .text              ro code  0x0800217c     0x4  startup_stm32f746xx.o [1]
  .text              ro code  0x08002180     0x4  startup_stm32f746xx.o [1]
  .text              ro code  0x08002184     0x4  startup_stm32f746xx.o [1]
  .text              ro code  0x08002188     0x4  startup_stm32f746xx.o [1]
  .text              ro code  0x0800218c     0x4  startup_stm32f746xx.o [1]
  .text              ro code  0x08002190     0x4  startup_stm32f746xx.o [1]
  .text              ro code  0x08002194     0x4  startup_stm32f746xx.o [1]
  .text              ro code  0x08002198     0x4  startup_stm32f746xx.o [1]
  .text              ro code  0x0800219c     0x4  startup_stm32f746xx.o [1]
  .text              ro code  0x080021a0     0x4  startup_stm32f746xx.o [1]
  .text              ro code  0x080021a4     0x4  startup_stm32f746xx.o [1]
  .text              ro code  0x080021a8     0x4  startup_stm32f746xx.o [1]
  .text              ro code  0x080021ac     0x4  startup_stm32f746xx.o [1]
  .text              ro code  0x080021b0     0x4  startup_stm32f746xx.o [1]
  .text              ro code  0x080021b4     0x4  startup_stm32f746xx.o [1]
  .text              ro code  0x080021b8     0x4  startup_stm32f746xx.o [1]
  .text              ro code  0x080021bc     0x4  startup_stm32f746xx.o [1]
  .text              ro code  0x080021c0     0x4  startup_stm32f746xx.o [1]
  .text              ro code  0x080021c4     0x4  startup_stm32f746xx.o [1]
  .text              ro code  0x080021c8     0x4  startup_stm32f746xx.o [1]
  .text              ro code  0x080021cc     0x4  startup_stm32f746xx.o [1]
  .text              ro code  0x080021d0     0x4  startup_stm32f746xx.o [1]
  .text              ro code  0x080021d4     0x4  startup_stm32f746xx.o [1]
  .text              ro code  0x080021d8     0x4  startup_stm32f746xx.o [1]
  .text              ro code  0x080021dc     0x4  startup_stm32f746xx.o [1]
  .text              ro code  0x080021e0     0x4  startup_stm32f746xx.o [1]
  .text              ro code  0x080021e4     0x4  startup_stm32f746xx.o [1]
  .text              ro code  0x080021e8     0x4  startup_stm32f746xx.o [1]
  .text              ro code  0x080021ec     0x4  startup_stm32f746xx.o [1]
  .text              ro code  0x080021f0     0x4  startup_stm32f746xx.o [1]
  .text              ro code  0x080021f4     0x4  startup_stm32f746xx.o [1]
  .text              ro code  0x080021f8     0x4  startup_stm32f746xx.o [1]
  .text              ro code  0x080021fc     0x4  startup_stm32f746xx.o [1]
  .rodata            const    0x08002200     0x0  zero_init3.o [5]
  .rodata            const    0x08002200     0x0  copy_init3.o [5]
                            - 0x08002200  0x2038

"P2", part 1 of 3:                          0x10
  P2-1                        0x20000000    0x10  <Init block>
    .data            inited   0x20000000     0xc  stm32f7xx_hal.o [1]
    .data            inited   0x2000000c     0x4  system_stm32f7xx.o [1]
                            - 0x20000010    0x10

"P2", part 2 of 3:                         0x400
  CSTACK                      0x20000010   0x400  <Block>
    CSTACK           uninit   0x20000010   0x400  <Block tail>
                            - 0x20000410   0x400

"P2", part 3 of 3:                         0x4b8
  .bss               zero     0x20000410   0x4b8  main.o [1]
                            - 0x200008c8   0x4b8


*******************************************************************************
*** INIT TABLE
***

          Address     Size
          -------     ----
Zero (__iar_zero_init3)
    1 destination range, total size 0x4b8:
          0x20000410  0x4b8

Copy (__iar_copy_init3)
    1 source range, total size 0x10:
          0x08002028   0x10
    1 destination range, total size 0x10:
          0x20000000   0x10



*******************************************************************************
*** MODULE SUMMARY
***

    Module                  ro code  ro data  rw data
    ------                  -------  -------  -------
C:\CodeRepository\HomeAutomation\Nucleo-144\EWARM\NucleoHomeAutomation\Obj: [1]
    main.o                      624             1 208
    startup_stm32f746xx.o       892
    stm32f7xx_hal.o             154       12       12
    stm32f7xx_hal_cortex.o      198
    stm32f7xx_hal_eth.o         962
    stm32f7xx_hal_gpio.o        496
    stm32f7xx_hal_msp.o         440
    stm32f7xx_hal_pcd.o         188
    stm32f7xx_hal_pcd_ex.o       44
    stm32f7xx_hal_rcc.o       1 136
    stm32f7xx_hal_rcc_ex.o    1 132
    stm32f7xx_hal_uart.o      1 032
    stm32f7xx_it.o               14
    stm32f7xx_ll_usb.o          632
    system_stm32f7xx.o           96       12        4
    -------------------------------------------------
    Total:                    8 040       24    1 224

command line: [2]
    -------------------------------------------------
    Total:

dl7M_tlf.a: [3]
    exit.o                        4
    low_level_init.o              4
    -------------------------------------------------
    Total:                        8

m7M_tls.a: [4]
    fpinit_M.o                   34
    -------------------------------------------------
    Total:                       34

rt7M_tl.a: [5]
    ABImemcpy_unaligned.o        86
    I64DivMod.o                 238
    I64DivZer.o                   2
    cexit.o                      10
    cmain.o                      26
    copy_init3.o                 44
    cstartup_M.o                 12
    data_init.o                  40
    zero_init3.o                 64
    -------------------------------------------------
    Total:                      522

shb_l.a: [6]
    exit.o                       20
    unwind_debug.o                         1
    -------------------------------------------------
    Total:                       20        1

    Gaps                         15        4
    Linker created                        36    1 024
-----------------------------------------------------
    Grand Total:              8 639       65    2 248


*******************************************************************************
*** ENTRY LIST
***

Entry                      Address   Size  Type      Object
-----                      -------   ----  ----      ------
.iar.init_table$$Base   0x08001fa0          --   Gb  - Linker created -
.iar.init_table$$Limit  0x08001fc4          --   Gb  - Linker created -
?main                   0x08001fc5         Code  Gb  cmain.o [5]
AHBPrescTable           0x08001ed8   0x10  Data  Gb  system_stm32f7xx.o [1]
APBPrescTable           0x08002054    0x8  Data  Gb  system_stm32f7xx.o [1]
CSTACK$$Base            0x20000010          --   Gb  - Linker created -
CSTACK$$Limit           0x20000410          --   Gb  - Linker created -
ETH_MACDMAConfig(ETH_HandleTypeDef *, unsigned int)
                        0x080016f3   0xea  Code  Lc  stm32f7xx_hal_eth.o [1]
HAL_Delay               0x08001821   0x28  Code  Wk  stm32f7xx_hal.o [1]
HAL_ETH_Init            0x0800145d  0x19a  Code  Gb  stm32f7xx_hal_eth.o [1]
HAL_ETH_MspInit         0x08001115   0x74  Code  Gb  stm32f7xx_hal_msp.o [1]
HAL_ETH_ReadPHYRegister
                        0x0800160b   0x76  Code  Gb  stm32f7xx_hal_eth.o [1]
HAL_ETH_WritePHYRegister
                        0x08001681   0x68  Code  Gb  stm32f7xx_hal_eth.o [1]
HAL_GPIO_Init           0x0800126d  0x1b2  Code  Gb  stm32f7xx_hal_gpio.o [1]
HAL_GPIO_WritePin       0x0800141f    0x8  Code  Gb  stm32f7xx_hal_gpio.o [1]
HAL_GetTick             0x08000639    0xc  Code  Wk  stm32f7xx_hal.o [1]
HAL_IncTick             0x08002019   0x10  Code  Wk  stm32f7xx_hal.o [1]
HAL_Init                0x08001d31   0x16  Code  Gb  stm32f7xx_hal.o [1]
HAL_InitTick            0x08000645   0x40  Code  Wk  stm32f7xx_hal.o [1]
HAL_MspInit             0x080010b5   0x60  Code  Gb  stm32f7xx_hal_msp.o [1]
HAL_NVIC_SetPriority    0x080007a9   0x3a  Code  Gb  stm32f7xx_hal_cortex.o [1]
HAL_NVIC_SetPriorityGrouping
                        0x0800078f   0x1a  Code  Gb  stm32f7xx_hal_cortex.o [1]
HAL_PCDEx_ActivateLPM   0x08001e05   0x24  Code  Gb  stm32f7xx_hal_pcd_ex.o [1]
HAL_PCD_Init            0x08001d49   0xb2  Code  Gb  stm32f7xx_hal_pcd.o [1]
HAL_PCD_MspInit         0x080011d7   0x5e  Code  Gb  stm32f7xx_hal_msp.o [1]
HAL_RCCEx_PeriphCLKConfig
                        0x08000841  0x418  Code  Gb  stm32f7xx_hal_rcc_ex.o [1]
HAL_RCC_ClockConfig     0x0800048f   0xf6  Code  Gb  stm32f7xx_hal_rcc.o [1]
HAL_RCC_GetHCLKFreq     0x080005e5    0x6  Code  Gb  stm32f7xx_hal_rcc.o [1]
HAL_RCC_GetPCLK1Freq    0x080005eb   0x10  Code  Gb  stm32f7xx_hal_rcc.o [1]
HAL_RCC_GetPCLK2Freq    0x080005fb    0xe  Code  Gb  stm32f7xx_hal_rcc.o [1]
HAL_RCC_GetSysClockFreq
                        0x08000599   0x4c  Code  Gb  stm32f7xx_hal_rcc.o [1]
HAL_RCC_OscConfig       0x080001c9  0x2c6  Code  Gb  stm32f7xx_hal_rcc.o [1]
HAL_SYSTICK_CLKSourceConfig
                        0x0800080b   0x14  Code  Gb  stm32f7xx_hal_cortex.o [1]
HAL_SYSTICK_Callback    0x08000839    0x2  Code  Wk  stm32f7xx_hal_cortex.o [1]
HAL_SYSTICK_Config      0x080007e3   0x28  Code  Gb  stm32f7xx_hal_cortex.o [1]
HAL_SYSTICK_IRQHandler  0x08000835    0x4  Code  Gb  stm32f7xx_hal_cortex.o [1]
HAL_UART_Init           0x08000cad   0x30  Code  Gb  stm32f7xx_hal_uart.o [1]
HAL_UART_MspInit        0x0800119f   0x30  Code  Gb  stm32f7xx_hal_msp.o [1]
MX_GPIO_Init()          0x08001c2b   0xd2  Code  Lc  main.o [1]
NVIC_SetPriority(IRQn_Type, unsigned int)
                        0x08000775   0x1a  Code  Lc  stm32f7xx_hal_cortex.o [1]
Region$$Table$$Base     0x08001fa0          --   Gb  - Linker created -
Region$$Table$$Limit    0x08001fc4          --   Gb  - Linker created -
SysTick_Handler         0x08002039    0xe  Code  Gb  stm32f7xx_it.o [1]
SystemClock_Config()    0x08001b77   0xb4  Code  Gb  main.o [1]
SystemCoreClock         0x2000000c    0x4  Data  Gb  system_stm32f7xx.o [1]
SystemInit              0x08001e89   0x3a  Code  Gb  system_stm32f7xx.o [1]
UART_AdvFeatureConfig   0x08000fb1   0xc6  Code  Gb  stm32f7xx_hal_uart.o [1]
UART_CheckIdleState     0x08001077   0x3e  Code  Gb  stm32f7xx_hal_uart.o [1]
UART_SetConfig          0x08000d8d  0x1fa  Code  Gb  stm32f7xx_hal_uart.o [1]
UART_WaitOnFlagUntilTimeout
                        0x08000d2d   0x5e  Code  Gb  stm32f7xx_hal_uart.o [1]
USB_CoreInit            0x08001849   0x6e  Code  Gb  stm32f7xx_ll_usb.o [1]
USB_CoreReset(USB_OTG_GlobalTypeDef *)
                        0x08001a77   0x2a  Code  Lc  stm32f7xx_ll_usb.o [1]
USB_DevDisconnect       0x08001a5f    0xc  Code  Gb  stm32f7xx_ll_usb.o [1]
USB_DevInit             0x080018e9  0x12e  Code  Gb  stm32f7xx_ll_usb.o [1]
USB_DisableGlobalInt    0x080018b7    0x6  Code  Gb  stm32f7xx_ll_usb.o [1]
USB_FlushRxFifo         0x08001a35   0x1a  Code  Gb  stm32f7xx_ll_usb.o [1]
USB_FlushTxFifo         0x08001a17   0x1e  Code  Gb  stm32f7xx_ll_usb.o [1]
USB_SetCurrentMode      0x080018c3   0x26  Code  Gb  stm32f7xx_ll_usb.o [1]
USB_SetDevSpeed         0x08001a4f    0x6  Code  Gb  stm32f7xx_ll_usb.o [1]
__aeabi_ldiv0           0x0800083d         Code  Gb  I64DivZer.o [5]
__aeabi_uldivmod        0x08000685         Code  Gb  I64DivMod.o [5]
__cmain                 0x08001fc5         Code  Gb  cmain.o [5]
__exit                  0x08001ff5   0x14  Code  Gb  exit.o [6]
__iar_copy_init3        0x08001f29   0x2c  Code  Gb  copy_init3.o [5]
__iar_data_init3        0x08001f55   0x28  Code  Gb  data_init.o [5]
__iar_debug_exceptions  0x08000772    0x1  Data  Gb  unwind_debug.o [6]
__iar_init_vfp          0x08001f7d         Code  Gb  fpinit_M.o [4]
__iar_program_start     0x08002047         Code  Gb  cstartup_M.o [5]
__iar_unaligned___aeabi_memcpy4
                        0x08001e31         Code  Gb  ABImemcpy_unaligned.o [5]
__iar_unaligned___aeabi_memcpy8
                        0x08001e31         Code  Gb  ABImemcpy_unaligned.o [5]
__iar_zero_init3        0x08001ee9   0x40  Code  Gb  zero_init3.o [5]
__low_level_init        0x08001fdf    0x4  Code  Gb  low_level_init.o [3]
__vector_table          0x08000000         Data  Gb  startup_stm32f746xx.o [1]
_call_main              0x08001fd1         Code  Gb  cmain.o [5]
_exit                   0x08001fe9         Code  Gb  cexit.o [5]
_main                   0x08001fdb         Code  Gb  cmain.o [5]
exit                    0x08001fe3    0x4  Code  Gb  exit.o [3]
heth                    0x20000410   0x48  Data  Gb  main.o [1]
hpcd_USB_OTG_FS         0x20000458  0x400  Data  Gb  main.o [1]
huart3                  0x20000858   0x70  Data  Gb  main.o [1]
main                    0x08001ac1   0xb6  Code  Gb  main.o [1]
uwTick                  0x20000004    0x4  Data  Gb  stm32f7xx_hal.o [1]
uwTickFreq              0x20000000    0x1  Data  Gb  stm32f7xx_hal.o [1]
uwTickPrio              0x20000008    0x4  Data  Gb  stm32f7xx_hal.o [1]


[1] = C:\CodeRepository\HomeAutomation\Nucleo-144\EWARM\NucleoHomeAutomation\Obj
[2] = command line
[3] = dl7M_tlf.a
[4] = m7M_tls.a
[5] = rt7M_tl.a
[6] = shb_l.a

  8 639 bytes of readonly  code memory
     65 bytes of readonly  data memory
  2 248 bytes of readwrite data memory

Errors: none
Warnings: none
